Traceback (most recent call last):
  File "C:\Users\abhij\root_analyser\subdomain_ai_enhanced.py", line 931, in <module>
    main()
    ~~~~^^
  File "C:\Users\abhij\root_analyser\subdomain_ai_enhanced.py", line 894, in main
    print("\U0001f9e0 Subdomain AI Enhanced - Self-Learning Tool")
    ~~~~~^^^^^^^^^^^^^^^^^^^^^^^^^^^^^^^^^^^^^^^^^^^^^^^^^
  File "C:\Python313\Lib\encodings\cp1252.py", line 19, in encode
    return codecs.charmap_encode(input,self.errors,encoding_table)[0]
           ~~~~~~~~~~~~~~~~~~~~~^^^^^^^^^^^^^^^^^^^^^^^^^^^^^^^^^^
UnicodeEncodeError: 'charmap' codec can't encode character '\U0001f9e0' in position 0: character maps to <undefined>
